// Jest Snapshot v1, https://goo.gl/fbAQLP

exports[`ProjectsTable component should render a list of projects 1`] = `
<DocumentFragment>
  <table
    class="govuk-table lbh-table"
  >
    <thead
      class="govuk-table__head"
    >
      <tr
        class="govuk-table__row"
      >
        <th
          class="govuk-table__header"
          scope="col"
        >
          Project Name
        </th>
        <th
          class="govuk-table__header"
          scope="col"
        >
          Stage
        </th>
        <th
          class="govuk-table__header"
          scope="col"
        >
          Size
        </th>
        <th
          class="govuk-table__header"
          scope="col"
        >
          Project Type
        </th>
      </tr>
    </thead>
    <tbody
      class="govuk-table__body"
    >
      <tr
        class="govuk-table__row"
      >
        <td
          class="govuk-table__cell"
        >
          Test Project
        </td>
        <td
          class="govuk-table__cell"
        >
          Discovery
        </td>
        <td
          class="govuk-table__cell"
        >
          Large
        </td>
        <td
          class="govuk-table__cell"
        >
          Tech
        </td>
      </tr>
    </tbody>
  </table>
</DocumentFragment>
`;
